Authenticate to the Sentinel platform using email/password or an API token (not Kubernetes).

Use this for day-to-day deploy and registry-related flows. Cluster install and admin work
use Kubernetes and the cluster commands, not this command.

The token is stored in a local file (mode 0600) under the user config directory, unless you set MCP_PLATFORM_API_TOKEN.

Optional environment:
  MCP_PLATFORM_API_URL      default API base for login, e.g. https://platform.example.com
  MCP_PLATFORM_API_TOKEN    use this token for API calls; overrides the saved token
  MCP_PLATFORM_API_PROFILE  select a saved credentials profile
  MCP_RUNTIME_CONFIG_DIR    override the config directory (default ~/.mcpruntime)

Usage:
  mcp-runtime auth [command]

Available Commands:
  login          Log in and save platform credentials
  logout         Delete saved platform credentials on this machine
  provider-check Check an OIDC provider before mcp-auth setup
  status         Show whether platform API credentials are configured
  use            Switch the current saved platform credential profile

Flags:
  -h, --help   help for auth

Global Flags:
      --debug   Enable debug mode with structured error logging

Use "mcp-runtime auth [command] --help" for more information about a command.
