Adapter commands forward Streamable HTTP MCP traffic to a configured platform-issued
runtime route. The adapter always presents a session-bound client certificate.
When the target server enables OAuth, it also forwards the bearer token and the
gateway binds the certificate identity to the OAuth subject.

  mcp-runtime adapter proxy   Local Streamable HTTP listener.
  mcp-runtime adapter enroll  Enroll and save a client certificate.

The adapter enrolls a session and certificate through the platform API when
`--server` and `--agent` are supplied. An existing certificate can be
provided with the TLS client flags.

Usage:
  mcp-runtime adapter [command]

Available Commands:
  enroll      Issue platform-managed mTLS files for an external adapter
  proxy       Run a local Streamable HTTP MCP proxy that forwards to the runtime

Flags:
  -h, --help   help for adapter

Global Flags:
      --debug   Enable debug mode with structured error logging

Use "mcp-runtime adapter [command] --help" for more information about a command.
