Manage MCPAccessGrant resources

Usage:
  mcp-runtime access grant [command]

Available Commands:
  apply           Apply a grant manifest
  delete          Delete an access grant
  disable         Disable a grant
  enable          Enable a grant
  get             Get an access grant
  init            Initialize an MCPAccessGrant manifest
  list            List access grants
  revoke-sessions Revoke every session issued from a grant

Flags:
  -h, --help   help for grant

Global Flags:
      --debug      Enable debug mode with structured error logging
      --use-kube   Use direct Kubernetes mode with kubectl; requires admin/operator cluster access (admin/dev/test only)

Use "mcp-runtime access grant [command] --help" for more information about a command.
