Commands for managing the container registry

Usage:
  mcp-runtime registry [flags]
  mcp-runtime registry [command]

Available Commands:
  enable-auth Enable repository-scoped authentication on the bundled registry
  info        Show registry information
  provision   Configure an external registry
  status      Check registry status

Flags:
  -h, --help   help for registry

Global Flags:
      --debug   Enable debug mode with structured error logging

Use "mcp-runtime registry [command] --help" for more information about a command.
