Check whether the platform API is reachable and accepts your saved login, with a five-second timeout. Use server list, cluster status, or sentinel status for details.

Usage:
  mcp-runtime status [flags]

Flags:
  -h, --help   help for status

Global Flags:
      --debug   Enable debug mode with structured error logging
